// Jest Snapshot v1, https://goo.gl/fbAQLP

exports[`Customize CToastClose component renders correctly 1`] = `"<button class=\\"btn btn-undefined\\" type=\\"button\\">Default slot</button>"`;

exports[`Loads and display CToastClose component renders correctly 1`] = `"<button type=\\"button\\" class=\\"btn btn-close\\" aria-label=\\"Close\\"></button>"`;
