// Jest Snapshot v1, https://goo.gl/fbAQLP

exports[`Customize CToastHeader component renders correctly 1`] = `"<div class=\\"toast-header\\">Default slot<button type=\\"button\\" class=\\"btn btn-close\\" aria-label=\\"Close\\"></button></div>"`;

exports[`Loads and display CToastHeader component renders correctly 1`] = `
"<div class=\\"toast-header\\">Default slot
  <!---->
</div>"
`;
