// Jest Snapshot v1, https://goo.gl/fbAQLP

exports[`Loads and display CBadge component renders correctly 1`] = `
<span
  class="badge"
/>
`;

exports[`Loads and display CBadge component renders correctly with slot 1`] = `
<span
  class="badge bg-success bazinga"
>
  Hello World!
</span>
`;
