// Jest Snapshot v1, https://goo.gl/fbAQLP

exports[`CBreadcrumb renders correctly 1`] = `
<ol
  class="breadcrumb"
>
  <li
    class="breadcrumb-item"
    role="presentation"
  >
    <a
      class=""
      href="#"
      target="_self"
    >
      Admin
    </a>
  </li>
  <li
    class="breadcrumb-item"
    role="presentation"
  >
    <a
      class=""
      href="#"
      target="_self"
    >
      Manage
    </a>
  </li>
  <li
    class="breadcrumb-item active"
    role="presentation"
  >
    <span
      class="active"
    >
      Library
    </span>
  </li>
</ol>
`;
