// Jest Snapshot v1, https://goo.gl/fbAQLP

exports[`Customize CModal component renders correctly 1`] = `
"<transition-stub>
  <div class=\\"modal\\">
    <div class=\\"modal-dialog modal-dialog-centered modal-fullscreen-lg-down modal-dialog-scrollable modal-lg\\" role=\\"dialog\\">
      <div class=\\"modal-content bazinga\\">Default slot</div>
    </div>
  </div>
</transition-stub>"
`;

exports[`Loads and display CModal component renders correctly 1`] = `
"<transition-stub>
  <div class=\\"modal fade\\">
    <div class=\\"modal-dialog modal-fullscreen\\" role=\\"dialog\\">
      <div class=\\"modal-content\\">Default slot</div>
    </div>
  </div>
</transition-stub>
<transition-stub class=\\"modal-backdrop\\">
  <div class=\\"fade\\"></div>
</transition-stub>"
`;
