// Jest Snapshot v1, https://goo.gl/fbAQLP

exports[`CDataTable renders correctly 1`] = `
<div>
  <!---->
    
  <div
    class="position-relative table-responsive"
  >
    <table
      class="table"
    >
      <thead>
         
        <tr />
         
        <!---->
      </thead>
       
      <tbody
        class="position-relative"
      >
         
        <tr>
          <td
            colspan="0"
          >
            <div
              class="text-center my-5"
            >
              <h2>
                
                  No items
                  
                <svg
                  class="text-danger mb-2 c-icon c-icon-custom-size"
                  role="img"
                  viewBox="0 0 512 512"
                  width="30"
                  xmlns="http://www.w3.org/2000/svg"
                >
                  <path
                    class="ci-primary"
                    d="M425.706,86.294A240,240,0,0,0,86.294,425.705,240,240,0,0,0,425.706,86.294ZM256,48A207.1,207.1,0,0,1,391.528,98.345L98.345,391.528A207.1,207.1,0,0,1,48,256C48,141.309,141.309,48,256,48Zm0,416a207.084,207.084,0,0,1-134.986-49.887l293.1-293.1A207.084,207.084,0,0,1,464,256C464,370.691,370.691,464,256,464Z"
                    fill="var(--ci-primary-color, currentColor)"
                  />
                </svg>
              </h2>
            </div>
          </td>
        </tr>
      </tbody>
       
      <!---->
        
    </table>
     
    <!---->
  </div>
    
  <!---->
</div>
`;

exports[`CDataTable renders correctly 2`] = `
<div>
  <div
    class="row my-2 mx-0"
  >
    <div
      class="col-sm-6 form-inline p-0"
    >
      <label
        class="mr-2"
      >
        Filter:
      </label>
       
      <input
        aria-label="table filter input"
        class="form-control"
        placeholder="type string..."
        type="text"
      />
       
      <svg
        class="c-icon ml-2 text-danger"
        role="button"
        tabindex="0"
        viewBox="0 0 512 512"
        xmlns="http://www.w3.org/2000/svg"
      >
        <polygon
          class="ci-primary"
          fill="var(--ci-primary-color, currentColor)"
          points="40 16 40 53.828 109.024 136 150.815 136 76.896 48 459.51 48 304 242.388 304 401.373 241.373 464 240 464 240 368 208 368 208 496 254.627 496 336 414.627 336 253.612 496 53.612 496 16 40 16"
        />
        <polygon
          class="ci-primary"
          fill="var(--ci-primary-color, currentColor)"
          points="166.403 248.225 226.864 187.763 204.237 165.135 143.775 225.597 83.313 165.135 60.687 187.763 121.148 248.225 60.687 308.687 83.313 331.314 143.775 270.852 204.237 331.314 226.864 308.687 166.403 248.225"
        />
      </svg>
    </div>
     
    <div
      class="col-sm-6 p-0"
    >
      <div
        class="form-inline justify-content-sm-end"
      >
        <label
          class="mr-2"
        >
          Items per page:
        </label>
         
        <select
          aria-label="changes number of visible items"
          class="form-control"
        >
          <option
            disabled="disabled"
            hidden="hidden"
            selected="selected"
            value=""
          >
            
            10
          
          </option>
           
          <option
            val="5"
          >
            
            5
          
          </option>
          <option
            val="10"
          >
            
            10
          
          </option>
          <option
            val="20"
          >
            
            20
          
          </option>
          <option
            val="50"
          >
            
            50
          
          </option>
        </select>
      </div>
    </div>
  </div>
    
  <div
    class="position-relative table-responsive"
  >
    <table
      class="table additional-table-class table-dark table-striped table-hover table-bordered border"
    >
      <thead>
         
        <tr>
          <th
            class="user-custom-class position-relative pr-4"
            style="vertical-align: middle; overflow: hidden; cursor: pointer; width: 40%;"
          >
            <div>
              Username
            </div>
             
            <svg
              aria-label="change column: 'Username' sorting"
              class="c-icon c-icon-custom-size icon-transition position-absolute arrow-position rotate-icon"
              role="img"
              viewBox="0 0 512 512"
              width="18"
              xmlns="http://www.w3.org/2000/svg"
            >
              <polygon
                class="ci-primary"
                fill="var(--ci-primary-color, currentColor)"
                points="390.624 150.625 256 16 121.376 150.625 144.004 173.252 240.001 77.254 240.001 495.236 272.001 495.236 272.001 77.257 367.996 173.252 390.624 150.625"
              />
            </svg>
          </th>
          <th
            class="position-relative pr-4"
            style="vertical-align: middle; overflow: hidden; cursor: pointer;"
          >
            <div>
              Registered
            </div>
             
            <svg
              aria-label="change column: 'Registered' sorting"
              class="c-icon c-icon-custom-size icon-transition position-absolute arrow-position transparent"
              role="img"
              viewBox="0 0 512 512"
              width="18"
              xmlns="http://www.w3.org/2000/svg"
            >
              <polygon
                class="ci-primary"
                fill="var(--ci-primary-color, currentColor)"
                points="390.624 150.625 256 16 121.376 150.625 144.004 173.252 240.001 77.254 240.001 495.236 272.001 495.236 272.001 77.257 367.996 173.252 390.624 150.625"
              />
            </svg>
          </th>
          <th
            class="position-relative pr-4"
            style="vertical-align: middle; overflow: hidden; cursor: pointer; width: 20%;"
          >
            <div>
              Role
            </div>
             
            <svg
              aria-label="change column: 'Role' sorting"
              class="c-icon c-icon-custom-size icon-transition position-absolute arrow-position transparent"
              role="img"
              viewBox="0 0 512 512"
              width="18"
              xmlns="http://www.w3.org/2000/svg"
            >
              <polygon
                class="ci-primary"
                fill="var(--ci-primary-color, currentColor)"
                points="390.624 150.625 256 16 121.376 150.625 144.004 173.252 240.001 77.254 240.001 495.236 272.001 495.236 272.001 77.257 367.996 173.252 390.624 150.625"
              />
            </svg>
          </th>
          <th
            class="position-relative pr-4"
            style="vertical-align: middle; overflow: hidden; cursor: pointer; width: 20%;"
          >
            <div>
              Status
            </div>
             
            <svg
              aria-label="change column: 'Status' sorting"
              class="c-icon c-icon-custom-size icon-transition position-absolute arrow-position transparent"
              role="img"
              viewBox="0 0 512 512"
              width="18"
              xmlns="http://www.w3.org/2000/svg"
            >
              <polygon
                class="ci-primary"
                fill="var(--ci-primary-color, currentColor)"
                points="390.624 150.625 256 16 121.376 150.625 144.004 173.252 240.001 77.254 240.001 495.236 272.001 495.236 272.001 77.257 367.996 173.252 390.624 150.625"
              />
            </svg>
          </th>
          <th
            class="position-relative pr-4"
            style="vertical-align: middle; overflow: hidden; width: 1%;"
          >
            <div>
              
            </div>
             
            <!---->
          </th>
        </tr>
         
        <tr
          class="table-sm"
        >
          <th
            class="user-custom-class"
          >
            <input
              aria-label="column name: 'username' filter input"
              class="form-control form-control-sm"
            />
          </th>
          <th
            class=""
          >
            <input
              aria-label="column name: 'registered' filter input"
              class="form-control form-control-sm"
            />
          </th>
          <th
            class=""
          >
            <input
              aria-label="column name: 'role' filter input"
              class="form-control form-control-sm"
            />
          </th>
          <th
            class=""
          >
            <input
              aria-label="column name: 'status' filter input"
              class="form-control form-control-sm"
            />
          </th>
          <th
            class=""
          >
            <!---->
          </th>
        </tr>
      </thead>
       
      <tbody
        class="position-relative"
      >
        <tr>
          <!---->
           
          <td
            class="user-custom-class"
          >
            
                Yiorgos Avraamu
              
          </td>
          <!---->
           
          <td
            class=""
          >
            
                2013
              
          </td>
          <!---->
           
          <td
            class=""
          >
            
                Member
              
          </td>
          <!---->
           
          <td
            class=""
          >
            
                Active
              
          </td>
          <!---->
           
          <td
            class=""
          >
            
                undefined
              
          </td>
        </tr>
         
        <tr
          class="p-0"
        >
          <td
            class="p-0"
            colspan="5"
          >
            <div
              class="details"
            >
              Details slot
            </div>
          </td>
        </tr>
        <tr>
          <!---->
           
          <td
            class="user-custom-class"
          >
            
                Estavan Lykos
              
          </td>
          <!---->
           
          <td
            class=""
          >
            
                2014
              
          </td>
          <!---->
           
          <td
            class=""
          >
            
                Staff
              
          </td>
          <!---->
           
          <td
            class=""
          >
            
                Banned
              
          </td>
          <!---->
           
          <td
            class=""
          >
            
                undefined
              
          </td>
        </tr>
         
        <tr
          class="p-0"
        >
          <td
            class="p-0"
            colspan="5"
          >
            <div
              class="details"
            >
              Details slot
            </div>
          </td>
        </tr>
        <tr>
          <!---->
           
          <td
            class="user-custom-class"
          >
            
                Derick Maximinus
              
          </td>
          <!---->
           
          <td
            class=""
          >
            
                212
              
          </td>
          <!---->
           
          <td
            class=""
          >
            
                Member
              
          </td>
          <!---->
           
          <td
            class=""
          >
            
                Pending
              
          </td>
          <!---->
           
          <td
            class=""
          >
            
                undefined
              
          </td>
        </tr>
         
        <tr
          class="p-0"
        >
          <td
            class="p-0"
            colspan="5"
          >
            <div
              class="details"
            >
              Details slot
            </div>
          </td>
        </tr>
        <tr>
          <!---->
           
          <td
            class="user-custom-class"
          >
            
                Chetan Mohamed
              
          </td>
          <!---->
           
          <td
            class=""
          >
            
                2011
              
          </td>
          <!---->
           
          <td
            class=""
          >
            
                Admin
              
          </td>
          <!---->
           
          <td
            class=""
          >
            
                Inactive
              
          </td>
          <!---->
           
          <td
            class=""
          >
            
                undefined
              
          </td>
        </tr>
         
        <tr
          class="p-0"
        >
          <td
            class="p-0"
            colspan="5"
          >
            <div
              class="details"
            >
              Details slot
            </div>
          </td>
        </tr>
         
        <!---->
      </tbody>
       
      <tfoot>
        <tr>
          <th
            class="user-custom-class position-relative pr-4"
            style="vertical-align: middle; overflow: hidden; cursor: pointer; width: 40%;"
          >
            <div>
              Username
            </div>
             
            <svg
              class="c-icon c-icon-custom-size icon-transition position-absolute arrow-position rotate-icon"
              role="img"
              viewBox="0 0 512 512"
              width="18"
              xmlns="http://www.w3.org/2000/svg"
            >
              <polygon
                class="ci-primary"
                fill="var(--ci-primary-color, currentColor)"
                points="390.624 150.625 256 16 121.376 150.625 144.004 173.252 240.001 77.254 240.001 495.236 272.001 495.236 272.001 77.257 367.996 173.252 390.624 150.625"
              />
            </svg>
          </th>
          <th
            class="position-relative pr-4"
            style="vertical-align: middle; overflow: hidden; cursor: pointer;"
          >
            <div>
              Registered
            </div>
             
            <svg
              class="c-icon c-icon-custom-size icon-transition position-absolute arrow-position transparent"
              role="img"
              viewBox="0 0 512 512"
              width="18"
              xmlns="http://www.w3.org/2000/svg"
            >
              <polygon
                class="ci-primary"
                fill="var(--ci-primary-color, currentColor)"
                points="390.624 150.625 256 16 121.376 150.625 144.004 173.252 240.001 77.254 240.001 495.236 272.001 495.236 272.001 77.257 367.996 173.252 390.624 150.625"
              />
            </svg>
          </th>
          <th
            class="position-relative pr-4"
            style="vertical-align: middle; overflow: hidden; cursor: pointer; width: 20%;"
          >
            <div>
              Role
            </div>
             
            <svg
              class="c-icon c-icon-custom-size icon-transition position-absolute arrow-position transparent"
              role="img"
              viewBox="0 0 512 512"
              width="18"
              xmlns="http://www.w3.org/2000/svg"
            >
              <polygon
                class="ci-primary"
                fill="var(--ci-primary-color, currentColor)"
                points="390.624 150.625 256 16 121.376 150.625 144.004 173.252 240.001 77.254 240.001 495.236 272.001 495.236 272.001 77.257 367.996 173.252 390.624 150.625"
              />
            </svg>
          </th>
          <th
            class="position-relative pr-4"
            style="vertical-align: middle; overflow: hidden; cursor: pointer; width: 20%;"
          >
            <div>
              Status
            </div>
             
            <svg
              class="c-icon c-icon-custom-size icon-transition position-absolute arrow-position transparent"
              role="img"
              viewBox="0 0 512 512"
              width="18"
              xmlns="http://www.w3.org/2000/svg"
            >
              <polygon
                class="ci-primary"
                fill="var(--ci-primary-color, currentColor)"
                points="390.624 150.625 256 16 121.376 150.625 144.004 173.252 240.001 77.254 240.001 495.236 272.001 495.236 272.001 77.257 367.996 173.252 390.624 150.625"
              />
            </svg>
          </th>
          <th
            class="position-relative pr-4"
            style="vertical-align: middle; overflow: hidden; width: 1%;"
          >
            <div>
              
            </div>
             
            <!---->
          </th>
        </tr>
      </tfoot>
        
    </table>
     
    <!---->
  </div>
    
  <nav
    aria-label="pagination"
    style="display: none;"
  >
    <ul
      class="pagination  justify-content-start"
    >
      <li
        class="page-item disabled"
      >
        <a
          aria-disabled="true"
          aria-label="Go to first page"
          class="page-link disabled"
          href="#"
          tabindex="-1"
          target="_self"
        >
          «
        </a>
      </li>
       
      <li
        class="page-item disabled"
      >
        <a
          aria-disabled="true"
          aria-label="Go to previous page"
          class="page-link disabled"
          href="#"
          tabindex="-1"
          target="_self"
        >
          ‹
        </a>
      </li>
       
      <!---->
       
      <li
        class="active page-item"
      >
        <a
          aria-label="Current page 1"
          class="page-link c-page-link-number"
          href="#"
          target="_self"
        >
          
        1
      
        </a>
      </li>
       
      <!---->
       
      <li
        class="page-item disabled"
      >
        <a
          aria-disabled="true"
          aria-label="Go to next page"
          class="page-link disabled"
          href="#"
          tabindex="-1"
          target="_self"
        >
          ›
        </a>
      </li>
       
      <li
        class="page-item disabled"
      >
        <a
          aria-disabled="true"
          aria-label="Go to last page"
          class="page-link disabled"
          href="#"
          tabindex="-1"
          target="_self"
        >
          »
        </a>
      </li>
    </ul>
  </nav>
</div>
`;
